------------------------------------------------------------
Timing Analyzer Summary
------------------------------------------------------------

Type  : Slow 1100mV 85C Model Setup 'clk'
Slack : 8.229
TNS   : 0.000

Type  : Slow 1100mV 85C Model Hold 'clk'
Slack : 0.486
TNS   : 0.000

Type  : Slow 1100mV 85C Model Minimum Pulse Width 'clk'
Slack : 8.422
TNS   : 0.000

Type  : Slow 1100mV 0C Model Setup 'clk'
Slack : 8.380
TNS   : 0.000

Type  : Slow 1100mV 0C Model Hold 'clk'
Slack : 0.483
TNS   : 0.000

Type  : Slow 1100mV 0C Model Minimum Pulse Width 'clk'
Slack : 8.350
TNS   : 0.000

Type  : Fast 1100mV 85C Model Setup 'clk'
Slack : 13.180
TNS   : 0.000

Type  : Fast 1100mV 85C Model Hold 'clk'
Slack : 0.182
TNS   : 0.000

Type  : Fast 1100mV 85C Model Minimum Pulse Width 'clk'
Slack : 8.843
TNS   : 0.000

Type  : Fast 1100mV 0C Model Setup 'clk'
Slack : 13.533
TNS   : 0.000

Type  : Fast 1100mV 0C Model Hold 'clk'
Slack : 0.172
TNS   : 0.000

Type  : Fast 1100mV 0C Model Minimum Pulse Width 'clk'
Slack : 8.830
TNS   : 0.000

------------------------------------------------------------
